// Jest Snapshot v1, https://goo.gl/fbAQLP

exports[`ContactPage can show error message for empty fields 1`] = `"<div id=\\"contact-page-container\\" class=\\"card-container\\"><section id=\\"contact-page-card\\" class=\\"card\\"><h2>KONTAKT OSS</h2><form><div id=\\"input-error-view\\"><i class=\\"fa fa-exclamation\\" title=\\"Utropstegn\\" aria-label=\\"Utropstegn\\"></i><h4>Vennligst fyll inn alle feltene</h4></div><div id=\\"input-container\\"><div id=\\"input-container-left\\"><label>Navn <input name=\\"name\\" type=\\"text\\" value=\\"\\"></label><label>E-postadresse <input name=\\"email\\" type=\\"email\\" value=\\"\\"></label><button id=\\"contact-submit-btn\\">SEND</button></div><div id=\\"textarea-container\\"><label>Melding</label><textarea name=\\"message\\" placeholder=\\"Skriv en melding til oss her!\\"></textarea></div></div></form></section></div>"`;

exports[`ContactPage renders contact form 1`] = `"<div id=\\"contact-page-container\\" class=\\"card-container\\"><section id=\\"contact-page-card\\" class=\\"card\\"><h2>KONTAKT OSS</h2><form><div id=\\"input-container\\"><div id=\\"input-container-left\\"><label>Navn <input name=\\"name\\" type=\\"text\\" value=\\"\\"></label><label>E-postadresse <input name=\\"email\\" type=\\"email\\" value=\\"\\"></label><button id=\\"contact-submit-btn\\">SEND</button></div><div id=\\"textarea-container\\"><label>Melding</label><textarea name=\\"message\\" placeholder=\\"Skriv en melding til oss her!\\"></textarea></div></div></form></section></div>"`;
